../Src/button.c:479:6:drawButton	16	static
../Src/button.c:757:9:executeCalibrationButton	16	static
../Src/button.c:895:10:testButton	8	static
../Src/button.c:909:6:setup_Cal_Display	24	static
../Src/button.c:951:6:erase_Cal_Display	8	static
../Src/button.c:971:6:PTT_Out_Init	64	static
../Src/button.c:1000:6:PTT_Out_Set	8	static
../Src/button.c:1007:6:PTT_Out_RST_Clr	8	static
../Src/button.c:1015:6:set_codec_input_gain	8	static
../Src/button.c:1022:6:receive_sequence	8	static
../Src/button.c:1032:6:xmit_sequence	8	static
../Src/button.c:549:6:executeButton	16	static
../Src/button.c:501:6:checkButton	16	static
../Src/button.c:1046:6:start_Si5351	8	static
../Src/button.c:1068:6:FT8_Sync	8	static
