../Src/decode_ft8.c:151:6:display_messages	64	static
../Src/decode_ft8.c:183:6:clear_messages	8	static
../Src/decode_ft8.c:189:5:validate_locator	0	static
../Src/decode_ft8.c:51:5:ft8_decode	720	dynamic
../Src/decode_ft8.c:210:6:clear_log_stored_data	32	static
../Src/decode_ft8.c:319:6:process_selected_Station	16	static
../Src/decode_ft8.c:335:6:clear_CQ_List_box	8	static
../Src/decode_ft8.c:380:5:strindex	20	static
../Src/decode_ft8.c:231:5:Check_Calling_Stations	88	static
../Src/decode_ft8.c:344:5:Check_QSO_Calling_Stations	56	static
