../Src/Display.c:63:6:update_log_display	32	static
../Src/Display.c:102:6:update_Beacon_log_display	32	static
../Src/Display.c:145:6:show_wide	24	static
../Src/Display.c:154:6:show_variable	24	static
../Src/Display.c:162:6:show_short	24	static
../Src/Display.c:171:6:show_UTC_time	24	static
../Src/Display.c:185:6:show_Real_Date	24	static
../Src/Display.c:193:6:setup_display	8	static
../Src/Display.c:222:6:Set_Cursor_Frequency	8	static
../Src/Display.c:264:10:FFT_Touch	0	static
../Src/Display.c:273:5:FT8_Touch	0	static
../Src/Display.c:291:5:Xmit_message_Touch	0	static
../Src/Display.c:226:6:Process_Touch	24	static
../Src/Display.c:310:6:Init_Waterfall	0	static
../Src/Display.c:321:6:Display_WF	32	static
