../Src/DS3231.c:68:15:bcd_to_decimal	0	static
../Src/DS3231.c:74:15:decimal_to_bcd	0	static
../Src/DS3231.c:80:15:DS3231_Read	0	static
../Src/DS3231.c:86:6:DS3231_Write	0	static
../Src/DS3231.c:92:6:DS3231_init	8	static
../Src/DS3231.c:101:6:getTime	24	static
../Src/DS3231.c:132:6:getDate	24	static
../Src/DS3231.c:145:6:RTC_setTime	24	static
../Src/DS3231.c:180:6:RTC_setDate	16	static
../Src/DS3231.c:188:6:display_RealTime	32	static
../Src/DS3231.c:194:6:load_RealTime	16	static
../Src/DS3231.c:201:6:display_RTC_TimeEdit	16	static
../Src/DS3231.c:205:6:set_RTC_to_TimeEdit	16	static
../Src/DS3231.c:209:6:load_RealDate	8	static
../Src/DS3231.c:222:6:display_RTC_DateEdit	16	static
../Src/DS3231.c:226:6:set_RTC_to_DateEdit	0	static
../Src/DS3231.c:231:6:display_Real_Date	24	static
../Src/DS3231.c:237:6:make_Real_Time	24	static
../Src/DS3231.c:252:6:make_Real_Date	16	static
../Src/DS3231.c:271:6:make_File_Name	8	static
../Src/DS3231.c:355:6:RTC_SetValue	0	static
