../Src/SDR_Audio.c:47:6:start_audio_I2C	0	static
../Src/SDR_Audio.c:53:6:clear_Output_Buffers	0	static
../Src/SDR_Audio.c:60:6:start_codec	8	static
../Src/SDR_Audio.c:67:6:start_duplex	8	static,ignoring_inline_asm
../Src/SDR_Audio.c:88:6:transfer_buffers	0	static
../Src/SDR_Audio.c:99:6:clear_buffers	0	static
../Src/SDR_Audio.c:109:6:BSP_AUDIO_IN_TransferComplete_CallBack	0	static
../Src/SDR_Audio.c:119:6:BSP_AUDIO_IN_HalfTransfer_CallBack	0	static
../Src/SDR_Audio.c:128:6:BSP_AUDIO_OUT_TransferComplete_CallBack	0	static
../Src/SDR_Audio.c:138:6:BSP_AUDIO_OUT_HalfTransfer_CallBack	0	static
../Src/SDR_Audio.c:151:6:I2S2_RX_ProcessBuffer	40	static
