../Src/SiLabs.c:60:6:Si5351_Si5351	0	static
../Src/SiLabs.c:743:6:update_status	0	static
../Src/SiLabs.c:819:9:get_correction	0	static
../Src/SiLabs.c:1263:6:set_ref_freq	0	static
../Src/SiLabs.c:1310:9:si5351_write_bulk	24	static
../Src/SiLabs.c:1336:9:si5351_write	8	static
../Src/SiLabs.c:801:6:set_phase	0	static
../Src/SiLabs.c:832:6:pll_reset	0	static
../Src/SiLabs.c:1358:9:si5351_read	0	static
../Src/SiLabs.c:676:6:output_enable	16	static
../Src/SiLabs.c:704:6:drive_strength	16	static
../Src/SiLabs.c:854:6:set_ms_source	16	static
../Src/SiLabs.c:883:6:set_int	16	static
../Src/SiLabs.c:928:6:set_clock_pwr	16	static
../Src/SiLabs.c:954:6:set_clock_invert	16	static
../Src/SiLabs.c:984:6:set_clock_source	16	static
../Src/SiLabs.c:1030:6:set_clock_disable	16	static
../Src/SiLabs.c:1073:6:set_clock_fanout	16	static
../Src/SiLabs.c:1389:10:pll_calc	40	static
../Src/SiLabs.c:494:6:set_pll	72	static
../Src/SiLabs.c:102:6:reset	32	static
../Src/SiLabs.c:780:6:set_correction	8	static
../Src/SiLabs.c:71:6:init	24	static
../Src/SiLabs.c:1125:6:set_pll_input	16	static
../Src/SiLabs.c:1179:6:set_vcxo	72	static
../Src/SiLabs.c:1475:10:multisynth_calc	40	static
../Src/SiLabs.c:1573:10:multisynth67_calc	24	static
../Src/SiLabs.c:1662:6:update_sys_status	8	static
../Src/SiLabs.c:1676:6:update_int_status	8	static
../Src/SiLabs.c:1689:6:ms_div	24	static
../Src/SiLabs.c:573:6:set_ms	80	static
../Src/SiLabs.c:1758:9:select_r_div	16	static
../Src/SiLabs.c:439:9:set_freq_manual	72	static
../Src/SiLabs.c:1802:9:select_r_div_ms67	16	static
../Src/SiLabs.c:177:9:set_freq	104	static
