../Src/traffic_manager.c:121:12:tune_Off_sequence	8	static
../Src/traffic_manager.c:87:6:terminate_QSO	8	static
../Src/traffic_manager.c:106:12:ft8_receive_sequence	0	static
../Src/traffic_manager.c:128:10:set_Xmit_Freq	8	static
../Src/traffic_manager.c:98:9:ft8_transmit_sequence	8	static
../Src/traffic_manager.c:79:6:setup_to_transmit_on_next_DSP_Flag	8	static
../Src/traffic_manager.c:32:6:service_QSO_mode	16	static
../Src/traffic_manager.c:48:6:service_Beacon_mode	8	static
../Src/traffic_manager.c:113:9:tune_On_sequence	8	static
../Src/traffic_manager.c:135:10:set_FT8_Tone	4	static
../Src/traffic_manager.c:141:8:set_Rcvr_Freq	0	static
